Copyright 1986-2016 Xilinx, Inc. All Rights Reserved.
--------------------------------------------------------------------------------------------------------
| Tool Version      : Vivado v.2016.1 (win64) Build 1538259 Fri Apr  8 15:45:27 MDT 2016
| Date              : Mon May 07 21:45:39 2018
| Host              : volly-SF running 64-bit major release  (build 9200)
| Command           : report_clock_utilization -file vga_controler_top_cfg_clock_utilization_routed.rpt
| Design            : vga_controler_top_cfg
| Device            : 7a35t-cpg236
| Speed File        : -1  PRODUCTION 1.14 2014-09-11
| Temperature Grade : C
--------------------------------------------------------------------------------------------------------

Clock Utilization Report

Table of Contents
-----------------
1. Clock Primitive Utilization
2. Global Clock Resources
3. Global Clock Source Details
4. Local Clock Details
5. Clock Regions: Key Resource Utilization
6. Clock Regions : Global Clock Summary
7. Cell Type Counts per Global Clock: Region X0Y0
8. Cell Type Counts per Global Clock: Region X1Y0
9. Cell Type Counts per Global Clock: Region X1Y1
10. Load Cell Placement Summary for Global Clock g0
11. Load Cell Placement Summary for Global Clock g1
12. Load Cell Placement Summary for Global Clock g2

1. Clock Primitive Utilization
------------------------------

+----------+------+-----------+-----+--------------+--------+
| Type     | Used | Available | LOC | Clock Region | Pblock |
+----------+------+-----------+-----+--------------+--------+
| BUFGCTRL |    3 |        32 |   0 |            0 |      0 |
| BUFH     |    0 |        72 |   0 |            0 |      0 |
| BUFIO    |    0 |        20 |   0 |            0 |      0 |
| BUFMR    |    0 |        10 |   0 |            0 |      0 |
| BUFR     |    0 |        20 |   0 |            0 |      0 |
| MMCM     |    0 |         5 |   0 |            0 |      0 |
| PLL      |    1 |         5 |   0 |            0 |      0 |
+----------+------+-----------+-----+--------------+--------+


2. Global Clock Resources
-------------------------

+-------+-------+-----------------+------------+---------------+--------------+------+-------------------+---------------+-------------+-----------------+--------------+--------------+--------------------------+-----------------------------+
| GlbID | SrcId | Driver Type/Pin | Constraint | Site          | Clock Region | Root | Clock Delay Group | Clock Regions | Clock Loads | Non-Clock Loads | Clock Period | Clock        | Driver Pin               | Net                         |
+-------+-------+-----------------+------------+---------------+--------------+------+-------------------+---------------+-------------+-----------------+--------------+--------------+--------------------------+-----------------------------+
| g0    | src0  | BUFG/O          | None       | BUFGCTRL_X0Y2 | n/a          |      |                   |             1 |           1 |               0 |       40.000 | clkfbout_PLL | i_PLL/inst/clkf_buf/O    | i_PLL/inst/clkfbout_buf_PLL |
| g1    | src0  | BUFG/O          | None       | BUFGCTRL_X0Y0 | n/a          | n/a  | n/a               |             3 |           0 |             499 |       40.000 | clk_out1_PLL | i_PLL/inst/clkout1_buf/O | i_PLL/inst/clk_out1         |
| g2    | src1  | BUFG/O          | None       | BUFGCTRL_X0Y1 | n/a          | n/a  | n/a               |             1 |           0 |              30 |          n/a | n/a          | s_da[18]_BUFG_inst/O     | lopt_1                      |
+-------+-------+-----------------+------------+---------------+--------------+------+-------------------+---------------+-------------+-----------------+--------------+--------------+--------------------------+-----------------------------+
* Note: Multiple constraint types applied to the driver. Please check for potential conflicts.


3. Global Clock Source Details
------------------------------

+-------+--------+--------------------+------------+----------------+--------------+-------------+-----------------+---------------------+--------------+-----------------------------------------------------------------------+----------------------------------------------------------------+
| SrcID | GlbIDs | Driver Type/Pin    | Constraint | Site           | Clock Region | Clock Loads | Non-Clock Loads | Source Clock Period | Source Clock | Driver Pin                                                            | Net                                                            |
+-------+--------+--------------------+------------+----------------+--------------+-------------+-----------------+---------------------+--------------+-----------------------------------------------------------------------+----------------------------------------------------------------+
| src0  | g1     | PLLE2_ADV/CLKOUT0  | None       | PLLE2_ADV_X0Y0 | X0Y0         |           1 |               0 |              40.000 | clk_out1_PLL | i_PLL/inst/plle2_adv_inst/CLKOUT0                                     | i_PLL/inst/clk_out1_PLL                                        |
| src0  | g0     | PLLE2_ADV/CLKFBOUT | None       | PLLE2_ADV_X0Y0 | X0Y0         |           1 |               0 |              40.000 | clkfbout_PLL | i_PLL/inst/plle2_adv_inst/CLKFBOUT                                    | i_PLL/inst/clkfbout_PLL                                        |
| src1  | g2     | FDPE/Q             | None       | SLICE_X35Y43   | X0Y0         |           1 |               0 |                     |              | i_mc8051_top/i_mc8051_core/i_mc8051_control/i_control_mem/p1_reg[2]/Q | i_mc8051_top/i_mc8051_core/i_mc8051_control/i_control_mem/lopt |
+-------+--------+--------------------+------------+----------------+--------------+-------------+-----------------+---------------------+--------------+-----------------------------------------------------------------------+----------------------------------------------------------------+


4. Local Clock Details
----------------------

+-------+-----------------+------------+----------+--------------+-------------+-----------------+--------------+-------+------------+-----+
| LocId | Driver Type/Pin | Constraint | Site/BEL | Clock Region | Clock Loads | Non-Clock Loads | Clock Period | Clock | Driver Pin | Net |
+-------+-----------------+------------+----------+--------------+-------------+-----------------+--------------+-------+------------+-----+


5. Clock Regions: Key Resource Utilization
------------------------------------------

+-------------------+--------------+--------------+--------------+--------------+--------------+--------------+--------------+--------------+--------------+--------------+--------------+--------------+--------------+--------------+--------------+
|                   | Global Clock |     BUFRs    |    BUFMRs    |    BUFIOs    |     MMCM     |      PLL     |      GT      |      PCI     |    ILOGIC    |    OLOGIC    |      FF      |     LUTM     |    RAMB18    |    RAMB36    |    DSP48E2   |
+-------------------+------+-------+------+-------+------+-------+------+-------+------+-------+------+-------+------+-------+------+-------+------+-------+------+-------+------+-------+------+-------+------+-------+------+-------+------+-------+
| Clock Region Name | Used | Avail | Used | Avail | Used | Avail | Used | Avail | Used | Avail | Used | Avail | Used | Avail | Used | Avail | Used | Avail | Used | Avail | Used | Avail | Used | Avail | Used | Avail | Used | Avail | Used | Avail |
+-------------------+------+-------+------+-------+------+-------+------+-------+------+-------+------+-------+------+-------+------+-------+------+-------+------+-------+------+-------+------+-------+------+-------+------+-------+------+-------+
| X0Y0              |    3 |    12 |    0 |     4 |    0 |     2 |    0 |     4 |    0 |     1 |    1 |     1 |    0 |     0 |    0 |     0 |    0 |    50 |    0 |    50 |  210 |  9600 |   57 |  1600 |    0 |     0 |    0 |    10 |    0 |    20 |
| X1Y0              |    1 |    12 |    0 |     4 |    0 |     2 |    0 |     4 |    0 |     1 |    0 |     1 |    0 |     0 |    0 |     0 |    0 |    50 |    0 |    50 |  284 | 12000 |   80 |  1800 |    0 |     0 |    2 |    20 |    0 |    20 |
| X0Y1              |    0 |    12 |    0 |     4 |    0 |     2 |    0 |     4 |    0 |     1 |    0 |     1 |    0 |     0 |    0 |     0 |    0 |    50 |    0 |    50 |    0 |  9600 |    0 |  1600 |    0 |     0 |    0 |    10 |    0 |    20 |
| X1Y1              |    1 |    12 |    0 |     4 |    0 |     2 |    0 |     4 |    0 |     1 |    0 |     1 |    0 |     0 |    0 |     0 |    0 |    50 |    0 |    50 |   17 | 12000 |    4 |  1800 |    0 |     0 |   14 |    20 |    0 |    20 |
| X0Y2              |    0 |    12 |    0 |     4 |    0 |     2 |    0 |     4 |    0 |     1 |    0 |     1 |    0 |     0 |    0 |     0 |    0 |    50 |    0 |    50 |    0 | 14400 |    0 |  1600 |    0 |     0 |    0 |    10 |    0 |    20 |
| X1Y2              |    0 |    12 |    0 |     0 |    0 |     0 |    0 |     0 |    0 |     0 |    0 |     0 |    0 |     5 |    0 |     0 |    0 |     0 |    0 |     0 |    0 |  7600 |    0 |  1200 |    0 |     0 |    0 |     5 |    0 |    20 |
+-------------------+------+-------+------+-------+------+-------+------+-------+------+-------+------+-------+------+-------+------+-------+------+-------+------+-------+------+-------+------+-------+------+-------+------+-------+------+-------+
* Used Global Clocks includes only global clock resources based on load placement but does not consider global clock resources used to traverse a clock region. Therefore the actual total of Used Global Clocks may be higher.
** RAMB36 site can be used as two RAMB18/FIFO18 sites.


6. Clock Regions : Global Clock Summary
---------------------------------------

+----+----+----+
|    | X0 | X1 |
+----+----+----+
| Y2 |  0 |  0 |
| Y1 |  0 |  1 |
| Y0 |  3 |  1 |
+----+----+----+
* Used Global Clocks includes only global clock resources based on load placement but does not consider global clock resources used to traverse a clock region. Therefore the actual total of Used Global Clocks may be higher.


7. Cell Type Counts per Global Clock: Region X0Y0
-------------------------------------------------

+-------+-------+-----------------+------------+-------------+-----------------+-----+--------+------+-----+----+------+-----+---------+-----------------------------+
| GlbID | Track | Driver Type/Pin | Constraint | Clock Loads | Non-Clock Loads | FF  | LUTRAM | RAMB | DSP | GT | MMCM | PLL | Hard IP | Net                         |
+-------+-------+-----------------+------------+-------------+-----------------+-----+--------+------+-----+----+------+-----+---------+-----------------------------+
| g0    | n/a   | BUFG/O          | None       |           1 |               0 |   0 |      0 |    0 |   0 |  0 |    0 |   1 |       0 | i_PLL/inst/clkfbout_buf_PLL |
| g1    | n/a   | BUFG/O          | None       |           0 |             180 | 180 |     52 |    0 |   0 |  0 |    0 |   0 |       0 | i_PLL/inst/clk_out1         |
| g2    | n/a   | BUFG/O          | None       |           0 |              30 |  30 |      5 |    0 |   0 |  0 |    0 |   0 |       0 | lopt_1                      |
+-------+-------+-----------------+------------+-------------+-----------------+-----+--------+------+-----+----+------+-----+---------+-----------------------------+


8. Cell Type Counts per Global Clock: Region X1Y0
-------------------------------------------------

+-------+-------+-----------------+------------+-------------+-----------------+-----+--------+------+-----+----+------+-----+---------+---------------------+
| GlbID | Track | Driver Type/Pin | Constraint | Clock Loads | Non-Clock Loads | FF  | LUTRAM | RAMB | DSP | GT | MMCM | PLL | Hard IP | Net                 |
+-------+-------+-----------------+------------+-------------+-----------------+-----+--------+------+-----+----+------+-----+---------+---------------------+
| g1    | n/a   | BUFG/O          | None       |           0 |             286 | 284 |     80 |    2 |   0 |  0 |    0 |   0 |       0 | i_PLL/inst/clk_out1 |
+-------+-------+-----------------+------------+-------------+-----------------+-----+--------+------+-----+----+------+-----+---------+---------------------+


9. Cell Type Counts per Global Clock: Region X1Y1
-------------------------------------------------

+-------+-------+-----------------+------------+-------------+-----------------+----+--------+------+-----+----+------+-----+---------+---------------------+
| GlbID | Track | Driver Type/Pin | Constraint | Clock Loads | Non-Clock Loads | FF | LUTRAM | RAMB | DSP | GT | MMCM | PLL | Hard IP | Net                 |
+-------+-------+-----------------+------------+-------------+-----------------+----+--------+------+-----+----+------+-----+---------+---------------------+
| g1    | n/a   | BUFG/O          | None       |           0 |              24 | 17 |      4 |   14 |   0 |  0 |    0 |   0 |       0 | i_PLL/inst/clk_out1 |
+-------+-------+-----------------+------------+-------------+-----------------+----+--------+------+-----+----+------+-----+---------+---------------------+


10. Load Cell Placement Summary for Global Clock g0
---------------------------------------------------

+-------+-----------------+-------------------+--------------+-------------+----------------+----------+-------------+----------+-------------+----+-----------------------------+
| GlbID | Driver Type/Pin | Driver Region (D) | Clock        | Period (ns) | Waveform (ns)  | Root (R) | Slice Loads | IO Loads | Clock Loads | GT | Net                         |
+-------+-----------------+-------------------+--------------+-------------+----------------+----------+-------------+----------+-------------+----+-----------------------------+
| g0    | BUFG/O          | n/a               | clkfbout_PLL |      40.000 | {0.000 20.000} |          |           0 |        0 |           1 |  0 | i_PLL/inst/clkfbout_buf_PLL |
+-------+-----------------+-------------------+--------------+-------------+----------------+----------+-------------+----------+-------------+----+-----------------------------+


+----+----+----+
|    | X0 | X1 |
+----+----+----+
| Y2 |  0 |  0 |
| Y1 |  0 |  0 |
| Y0 |  1 |  0 |
+----+----+----+


11. Load Cell Placement Summary for Global Clock g1
---------------------------------------------------

+-------+-----------------+-------------------+--------------+-------------+----------------+----------+-------------+----------+-------------+----+---------------------+
| GlbID | Driver Type/Pin | Driver Region (D) | Clock        | Period (ns) | Waveform (ns)  | Root (R) | Slice Loads | IO Loads | Clock Loads | GT | Net                 |
+-------+-----------------+-------------------+--------------+-------------+----------------+----------+-------------+----------+-------------+----+---------------------+
| g1    | BUFG/O          | n/a               | clk_out1_PLL |      40.000 | {0.000 20.000} |          |         490 |        0 |           0 |  0 | i_PLL/inst/clk_out1 |
+-------+-----------------+-------------------+--------------+-------------+----------------+----------+-------------+----------+-------------+----+---------------------+


+----+------+------+
|    | X0   | X1   |
+----+------+------+
| Y2 |    0 |    0 |
| Y1 |    0 |   24 |
| Y0 |  180 |  286 |
+----+------+------+


12. Load Cell Placement Summary for Global Clock g2
---------------------------------------------------

+-------+-----------------+-------------------+-------+-------------+---------------+----------+-------------+----------+-------------+----+--------+
| GlbID | Driver Type/Pin | Driver Region (D) | Clock | Period (ns) | Waveform (ns) | Root (R) | Slice Loads | IO Loads | Clock Loads | GT | Net    |
+-------+-----------------+-------------------+-------+-------------+---------------+----------+-------------+----------+-------------+----+--------+
| g2    | BUFG/O          | n/a               |       |             |               |          |          30 |        0 |           0 |  0 | lopt_1 |
+-------+-----------------+-------------------+-------+-------------+---------------+----------+-------------+----------+-------------+----+--------+


+----+-----+----+
|    | X0  | X1 |
+----+-----+----+
| Y2 |   0 |  0 |
| Y1 |   0 |  0 |
| Y0 |  30 |  0 |
+----+-----+----+



# Location of BUFG Primitives 
set_property LOC BUFGCTRL_X0Y1 [get_cells s_da[18]_BUFG_inst]
set_property LOC BUFGCTRL_X0Y2 [get_cells i_PLL/inst/clkf_buf]
set_property LOC BUFGCTRL_X0Y0 [get_cells i_PLL/inst/clkout1_buf]

# Location of IO Primitives which is load of clock spine

# Location of clock ports
set_property LOC IOB_X0Y28 [get_ports clk_i]

# Clock net "lopt_1" driven by instance "s_da[18]_BUFG_inst" located at site "BUFGCTRL_X0Y1"
#startgroup
create_pblock {CLKAG_lopt_1}
add_cells_to_pblock [get_pblocks  {CLKAG_lopt_1}] [get_cells -filter { PRIMITIVE_GROUP != I/O && IS_PRIMITIVE==1 && PRIMITIVE_LEVEL !=INTERNAL } -of_object [get_pins -filter {DIRECTION==IN} -of_objects [get_nets -hierarchical -filter {PARENT=="lopt_1"}]]]
resize_pblock [get_pblocks {CLKAG_lopt_1}] -add {CLOCKREGION_X0Y0:CLOCKREGION_X0Y0}
#endgroup

# Clock net "i_PLL/inst/clk_out1" driven by instance "i_PLL/inst/clkout1_buf" located at site "BUFGCTRL_X0Y0"
#startgroup
create_pblock {CLKAG_i_PLL/inst/clk_out1}
add_cells_to_pblock [get_pblocks  {CLKAG_i_PLL/inst/clk_out1}] [get_cells -filter { PRIMITIVE_GROUP != I/O && IS_PRIMITIVE==1 && PRIMITIVE_LEVEL !=INTERNAL } -of_object [get_pins -filter {DIRECTION==IN} -of_objects [get_nets -hierarchical -filter {PARENT=="i_PLL/inst/clk_out1"}]]]
resize_pblock [get_pblocks {CLKAG_i_PLL/inst/clk_out1}] -add {CLOCKREGION_X0Y0:CLOCKREGION_X0Y0 CLOCKREGION_X1Y0:CLOCKREGION_X1Y0 CLOCKREGION_X1Y1:CLOCKREGION_X1Y1}
#endgroup
